
> frontend@0.0.0 build
> vite build

[36mvite v7.3.1 [32mbuilding client environment for production...[36m[39m
transforming...
[32mΓ£ô[39m 3 modules transformed.
node.exe : [31mΓ£ù[39m 
Build failed in 735ms
At line:1 char:1
+ & "C:\Program 
Files\nodejs/node.exe" 
"C:\Program 
Files\nodejs/node_mo ...
+ ~~~~~~~~~~~~~~~~~~~~~~~~~~~~
~~~~~~~~~~~~~~~~~~~~~~~~~~~~~~
~~~~~~~~~~~
    + CategoryInfo          : 
    NotSpecified: ([31mΓ£ù  
  [39m Build failed in 735m   
 s:String) [], RemoteExcep    
tion
    + FullyQualifiedErrorId : 
    NativeCommandError
 
[31merror during build:
[31m[@tailwindcss/vite:genera
te:build] Can't resolve 
'tailwindcss' in 
'D:\Room_Allocation - Copy 
1\frontend\src'[31m
file: [36mD:/Room_Allocation 
- Copy 
1/frontend/src/index.css[31m
    at finishWithoutResolve 
(D:\Room_Allocation - Copy 1\f
rontend\node_modules\enhanced-
resolve\lib\Resolver.js:586:18
)
    at D:\Room_Allocation - 
Copy 1\frontend\node_modules\e
nhanced-resolve\lib\Resolver.j
s:678:14
    at D:\Room_Allocation - 
Copy 1\frontend\node_modules\e
nhanced-resolve\lib\Resolver.j
s:739:5
    at eval (eval at create 
(D:\Room_Allocation - Copy 1\f
rontend\node_modules\tapable\l
ib\HookCodeFactory.js:31:10), 
<anonymous>:15:1)
    at D:\Room_Allocation - 
Copy 1\frontend\node_modules\e
nhanced-resolve\lib\Resolver.j
s:739:5
    at eval (eval at create 
(D:\Room_Allocation - Copy 1\f
rontend\node_modules\tapable\l
ib\HookCodeFactory.js:31:10), 
<anonymous>:27:1)
    at D:\Room_Allocation - 
Copy 1\frontend\node_modules\e
nhanced-resolve\lib\Descriptio
nFilePlugin.js:89:43
    at D:\Room_Allocation - 
Copy 1\frontend\node_modules\e
nhanced-resolve\lib\Resolver.j
s:739:5
    at eval (eval at create 
(D:\Room_Allocation - Copy 1\f
rontend\node_modules\tapable\l
ib\HookCodeFactory.js:31:10), 
<anonymous>:15:1)
    at D:\Room_Allocation - 
Copy 1\frontend\node_modules\e
nhanced-resolve\lib\Resolver.j
s:739:5[39m
